
> insellers-market@1.0.8 dist
> electron-builder --win --x64 --publish never

  • electron-builder  version=26.15.3 os=10.0.26100
  • loaded configuration  file=package.json ("build" field)
  • executing @electron/rebuild  electronVersion=44.7.0 arch=x64 buildFromSource=false workspaceRoot=D:\a\insellers-desktop\insellers-desktop\market\apps\desktop projectDir=./ appDir=./
  • installing native dependencies  arch=x64
  • completed installing native dependencies
  • packaging       platform=win32 arch=x64 electron=44.7.0 appOutDir=dist\win-unpacked
  • downloaded      label=electron progress=100%
  • downloaded electron zip extracted successfully  output=D:\a\insellers-desktop\insellers-desktop\market\apps\desktop\dist\win-unpacked
  • searching for node modules  pm=npm searchDir=D:\a\insellers-desktop\insellers-desktop\market\apps\desktop
  • updating asar integrity executable resource  executablePath=dist\win-unpacked\INSELLERS.exe
  • downloaded      label=icons-bundle.tar.gz progress=100%
  • signing with signtool.exe  path=dist\win-unpacked\INSELLERS.exe
  • building        target=nsis file=dist\INSELLERS-1.0.8-win-x64.exe archs=x64 oneClick=false perMachine=false
  • downloaded      label=nsis-3.0.4.1.7z progress=100%
  • downloaded      label=7zip-win-x64.tar.gz progress=100%
  • signing with signtool.exe  path=dist\win-unpacked\resources\elevate.exe
  • downloaded      label=nsis-resources-3.4.1.7z progress=100%
  • signing with signtool.exe  path=dist\INSELLERS-1.0.8-win-x64.__uninstaller.exe
  • signing with signtool.exe  path=dist\INSELLERS-1.0.8-win-x64.exe
  • building block map  blockMapFile=dist\INSELLERS-1.0.8-win-x64.exe.blockmap
