Loading package information...                                                  Loading local repository...                                                     [                                       ] 3% Loading local repository...        [                                       ] 3% Fetch remote repository...         [=                                      ] 3% Fetch remote repository...         [=                                      ] 4% Fetch remote repository...         [=                                      ] 5% Fetch remote repository...         [==                                     ] 5% Fetch remote repository...         [==                                     ] 6% Fetch remote repository...         [==                                     ] 7% Fetch remote repository...         [==                                     ] 7% Computing updates...               [===                                    ] 8% Computing updates...               [===                                    ] 10% Computing updates...              [=======================================] 100% Computing updates...             

To honour the JVM settings for this build a single-use Daemon process will be forked. For more on this, please refer to https://docs.gradle.org/8.13/userguide/gradle_daemon.html#sec:disabling_the_daemon in the Gradle documentation.
Daemon will be stopped at the end of the build 
> Task :app:preBuild UP-TO-DATE
> Task :app:preDebugBuild UP-TO-DATE
> Task :app:mergeDebugNativeDebugMetadata NO-SOURCE
> Task :app:javaPreCompileDebug
> Task :app:checkDebugAarMetadata
> Task :app:generateDebugResValues
> Task :app:mapDebugSourceSetPaths
> Task :app:generateDebugResources
> Task :app:packageDebugResources
> Task :app:mergeDebugResources
> Task :app:createDebugCompatibleScreenManifests
> Task :app:extractDeepLinksDebug
> Task :app:parseDebugLocalResources
> Task :app:processDebugMainManifest
> Task :app:processDebugManifest
> Task :app:mergeDebugShaders
> Task :app:processDebugManifestForPackage
> Task :app:compileDebugShaders NO-SOURCE
> Task :app:generateDebugAssets UP-TO-DATE
> Task :app:mergeDebugAssets
> Task :app:compressDebugAssets
> Task :app:desugarDebugFileDependencies
> Task :app:processDebugJavaRes NO-SOURCE
> Task :app:mergeDebugJavaResource
> Task :app:checkDebugDuplicateClasses
> Task :app:mergeExtDexDebug
> Task :app:mergeLibDexDebug
> Task :app:mergeDebugJniLibFolders
> Task :app:mergeDebugNativeLibs NO-SOURCE
> Task :app:processDebugResources
> Task :app:stripDebugDebugSymbols NO-SOURCE

> Task :app:compileDebugJavaWithJavac
Note: Some input files use or override a deprecated API.
Note: Recompile with -Xlint:deprecation for details.

> Task :app:dexBuilderDebug
> Task :app:mergeDebugGlobalSynthetics
> Task :app:mergeProjectDexDebug
> Task :app:validateSigningDebug
> Task :app:writeDebugAppMetadata
> Task :app:writeDebugSigningConfigVersions
> Task :app:preReleaseBuild UP-TO-DATE
> Task :app:mergeReleaseJniLibFolders
> Task :app:mergeReleaseNativeLibs NO-SOURCE
> Task :app:stripReleaseDebugSymbols NO-SOURCE
> Task :app:extractReleaseNativeSymbolTables NO-SOURCE
> Task :app:mergeReleaseNativeDebugMetadata NO-SOURCE
> Task :app:checkReleaseDuplicateClasses
> Task :app:javaPreCompileRelease
> Task :app:checkReleaseAarMetadata
> Task :app:generateReleaseResValues
> Task :app:mapReleaseSourceSetPaths
> Task :app:generateReleaseResources
> Task :app:packageDebug
> Task :app:createDebugApkListingFileRedirect
> Task :app:assembleDebug
> Task :app:packageReleaseResources
> Task :app:parseReleaseLocalResources
> Task :app:createReleaseCompatibleScreenManifests
> Task :app:extractDeepLinksRelease
> Task :app:processReleaseMainManifest
> Task :app:processReleaseManifest
> Task :app:processReleaseManifestForPackage
> Task :app:desugarReleaseFileDependencies
> Task :app:mergeReleaseStartupProfile
> Task :app:mergeExtDexRelease
> Task :app:mergeReleaseArtProfile
> Task :app:mergeReleaseShaders
> Task :app:compileReleaseShaders NO-SOURCE
> Task :app:generateReleaseAssets UP-TO-DATE
> Task :app:mergeReleaseAssets
> Task :app:compressReleaseAssets
> Task :app:extractReleaseVersionControlInfo
> Task :app:extractProguardFiles
> Task :app:processReleaseJavaRes NO-SOURCE
> Task :app:mergeReleaseJavaResource
> Task :app:collectReleaseDependencies
> Task :app:sdkReleaseDependencyData
> Task :app:writeReleaseAppMetadata
> Task :app:writeReleaseSigningConfigVersions
> Task :app:bundleDebugClassesToCompileJar
> Task :app:preDebugAndroidTestBuild SKIPPED
> Task :app:generateDebugAndroidTestResValues
> Task :app:generateDebugAndroidTestLintModel
> Task :app:generateDebugLintReportModel
> Task :app:preDebugUnitTestBuild UP-TO-DATE
> Task :app:generateDebugUnitTestLintModel
> Task :app:mergeReleaseResources
> Task :app:processReleaseResources

> Task :app:compileReleaseJavaWithJavac
Note: Some input files use or override a deprecated API.
Note: Recompile with -Xlint:deprecation for details.

> Task :app:lintAnalyzeDebug
> Task :app:dexBuilderRelease
> Task :app:mergeDexRelease
> Task :app:mergeReleaseGlobalSynthetics
> Task :app:generateReleaseLintVitalReportModel
> Task :app:compileReleaseArtProfile
> Task :app:optimizeReleaseResources
> Task :app:lintVitalAnalyzeRelease
> Task :app:lintVitalReportRelease SKIPPED
> Task :app:lintVitalRelease SKIPPED
> Task :app:packageRelease
> Task :app:createReleaseApkListingFileRedirect
> Task :app:assembleRelease
> Task :app:lintAnalyzeDebugAndroidTest
> Task :app:lintAnalyzeDebugUnitTest

> Task :app:lintReportDebug
Wrote HTML report to file:///home/runner/work/insellers-desktop/insellers-desktop/market/apps/android/app/build/reports/lint-results-debug.html

> Task :app:lintDebug
> Task :app:lint
gradle/actions: Writing build results to /home/runner/work/_temp/.gradle-actions/build-results/__run_2-1791570488341.json

[Incubating] Problems report is available at: file:///home/runner/work/insellers-desktop/insellers-desktop/market/apps/android/build/reports/problems/problems-report.html

Deprecated Gradle features were used in this build, making it incompatible with Gradle 9.0.

You can use '--warning-mode all' to show the individual deprecation warnings and determine if they come from your own scripts or plugins.

For more on this, please refer to https://docs.gradle.org/8.13/userguide/command_line_interface.html#sec:command_line_warnings in the Gradle documentation.

BUILD SUCCESSFUL in 26s
82 actionable tasks: 82 executed
