
> insellers-market@1.0.10 dist
> electron-builder --mac --arm64 --x64 --publish never

  • electron-builder  version=26.15.3 os=25.6.0
  • loaded configuration  file=package.json ("build" field)
  • executing @electron/rebuild  electronVersion=44.7.0 arch=x64 buildFromSource=false workspaceRoot=/Users/runner/work/insellers-desktop/insellers-desktop/market/apps/desktop projectDir=./ appDir=./
  • installing native dependencies  arch=x64
  • completed installing native dependencies
  • packaging       platform=darwin arch=x64 electron=44.7.0 appOutDir=dist/mac
  • downloaded      label=electron progress=100%
  • downloaded electron zip extracted successfully  output=/Users/runner/work/insellers-desktop/insellers-desktop/market/apps/desktop/dist/mac
  • searching for node modules  pm=npm searchDir=/Users/runner/work/insellers-desktop/insellers-desktop/market/apps/desktop
  • downloaded      label=icons-bundle.tar.gz progress=100%
  • skipped macOS application code signing  reason=, see https://electron.build/code-signing CSC_IDENTITY_AUTO_DISCOVERY=false
  • building        target=macOS zip arch=x64 file=dist/INSELLERS-1.0.10-mac-x64.zip
  • building        target=DMG arch=x64 file=dist/INSELLERS-1.0.10-mac-x64.dmg
  • executing @electron/rebuild  electronVersion=44.7.0 arch=arm64 buildFromSource=false workspaceRoot=/Users/runner/work/insellers-desktop/insellers-desktop/market/apps/desktop projectDir=./ appDir=./
  • installing native dependencies  arch=arm64
  • completed installing native dependencies
  • packaging       platform=darwin arch=arm64 electron=44.7.0 appOutDir=dist/mac-arm64
  • downloaded      label=dmgbuild-bundle-arm64-75c8a6c.tar.gz progress=100%
  • downloaded      label=electron progress=100%
  • downloaded electron zip extracted successfully  output=/Users/runner/work/insellers-desktop/insellers-desktop/market/apps/desktop/dist/mac-arm64
  • searching for node modules  pm=npm searchDir=/Users/runner/work/insellers-desktop/insellers-desktop/market/apps/desktop
  • skipped macOS application code signing  reason=, see https://electron.build/code-signing CSC_IDENTITY_AUTO_DISCOVERY=false
  • building        target=macOS zip arch=arm64 file=dist/INSELLERS-1.0.10-mac-arm64.zip
  • building        target=DMG arch=arm64 file=dist/INSELLERS-1.0.10-mac-arm64.dmg
  • building block map  blockMapFile=dist/INSELLERS-1.0.10-mac-x64.zip.blockmap
  • building block map  blockMapFile=dist/INSELLERS-1.0.10-mac-arm64.zip.blockmap
  • building block map  blockMapFile=dist/INSELLERS-1.0.10-mac-x64.dmg.blockmap
  • building block map  blockMapFile=dist/INSELLERS-1.0.10-mac-arm64.dmg.blockmap
